Circuit: * C:\Users\nikla\Documents\00_Education\00_Hka\Mater\Projektarbeit\Draft1.asc

Direct Newton iteration failed to find .op point.  (Use ".option noopiter" to skip.)
Starting Gmin stepping
Gmin = 10
Gmin = 1.07374
Gmin = 0.115292
Gmin = 0.0123794
Gmin = 0.00132923
vernier = 0.5
Gmin = 0.000275318
vernier = 0.666667
vernier = 0.888888
Gmin = 6.27402e-005
vernier = 1
Gmin = 7.53781e-006
Gmin = 8.09366e-007
Gmin = 8.6905e-008
Gmin = 9.33136e-009
Gmin = 1.00195e-009
Gmin = 1.07583e-010
Gmin = 1.15517e-011
Gmin = 1.24035e-012
Gmin = 1.33182e-013
Gmin = 0
Gmin stepping succeeded in finding the operating point.


Date: Mon Apr 27 16:48:15 2026
Total elapsed time: 0.094 seconds.

tnom = 27
temp = 27
method = modified trap
totiter = 2578
traniter = 2082
tranpoints = 1042
accept = 1042
rejected = 0
matrix size = 10
fillins = 0
solver = Normal
Matrix Compiler1: 328 bytes object code size  0.1/0.1/[0.1]
Matrix Compiler2: 740 bytes object code size  0.1/0.2/[0.1]

