Circuit: * C:\Users\nikla\Documents\00_Education\00_Hka\Mater\Projektarbeit\Master_Tranceiver.asc

WARNING: Node N009 is floating.
WARNING: Node N010 is floating.

WARNING: Less than two connections to node GPIO_OUT.  This node is used by V1.
Direct Newton iteration for .op point succeeded.

Date: Mon Apr 27 14:12:40 2026
Total elapsed time: 0.126 seconds.

tnom = 27
temp = 27
method = modified trap
totiter = 3659
traniter = 3634
tranpoints = 1402
accept = 1313
rejected = 89
matrix size = 49
fillins = 23
solver = Normal
Matrix Compiler1: 2.50 KB object code size  0.6/0.3/[0.2]
Matrix Compiler2: off  [0.3]/0.5/0.3

